../Core/Src/as5600.cpp:5:1:AS5600::AS5600(I2C_HandleTypeDef*, uint8_t, uint32_t)	24	static
../Core/Src/as5600.cpp:9:6:bool AS5600::checkIsMagnetDetected()	24	static
../Core/Src/as5600.cpp:24:6:bool AS5600::checkIsMagnetTooStrong()	24	static
../Core/Src/as5600.cpp:40:6:bool AS5600::checkIsMagnetTooWeak()	24	static
../Core/Src/as5600.cpp:55:9:uint8_t AS5600::getMagnetStatus()	24	static
../Core/Src/as5600.cpp:66:6:void AS5600::setZeroOffset(double)	24	static
../Core/Src/as5600.cpp:71:8:double AS5600::getAngleRaw()	40	static
../Core/Src/as5600.cpp:83:8:double AS5600::getAngleDeg()	48	static
../Core/Src/as5600.cpp:98:5:int AS5600::getAngleDegInt()	32	static
../Core/Src/as5600.cpp:106:8:double AS5600::getAngleRad()	48	static
../Core/Src/as5600.cpp:117:5:int AS5600::getAngleRadInt()	32	static
../Core/Src/as5600.cpp:126:6:void AS5600::setPowerMode(PowerMode)	24	static
../Core/Src/as5600.cpp:132:6:void AS5600::setHysteresis(Hysteresis)	24	static
../Core/Src/as5600.cpp:138:6:void AS5600::setOutputStage(OutputStage)	24	static
../Core/Src/as5600.cpp:144:6:void AS5600::setPWM_Frequency(PWM_Frequency)	24	static
../Core/Src/as5600.cpp:150:6:void AS5600::setSlowFilter(SlowFilter)	24	static
../Core/Src/as5600.cpp:156:6:void AS5600::setFastFilterThreshold(FastFilterThreshold)	24	static
../Core/Src/as5600.cpp:162:6:void AS5600::setWatchdog(Watchdog)	24	static
../Core/Src/as5600.cpp:168:10:uint16_t AS5600::bitConfiguration(uint8_t, uint8_t, uint8_t)	24	static
../Core/Src/as5600.cpp:187:10:uint16_t AS5600::readConfigRegister()	40	static
../Core/Src/as5600.cpp:199:6:void AS5600::resetConfiguration()	16	static
../Core/Src/as5600.cpp:204:6:void AS5600::setConfiguration(PowerMode, Hysteresis, OutputStage, PWM_Frequency, SlowFilter, FastFilterThreshold, Watchdog)	16	static
../Core/Src/as5600.cpp:217:10:uint16_t AS5600::readRegister12(uint8_t)	40	static
../Core/Src/as5600.cpp:229:9:uint8_t AS5600::readRegister8(uint8_t)	40	static
../Core/Src/as5600.cpp:237:6:void AS5600::writeConfigRegister(uint16_t)	40	static
