D:\STM32CubeIDE_1.16.0\STM32CubeIDE\plugins\com.st.stm32cube.ide.mcu.externaltools.gnu-tools-for-stm32.12.3.rel1.win32_1.0.200.202406191623\tools\arm-none-eabi\include\c++\12.3.1\arm-none-eabi\thumb\v7e-m+fp\hard\bits\gthr-default.h:229:1:int __gthread_key_delete(__gthread_key_t)	16	static
../Core/Src/bme280.cpp:10:1:BME280::BME280(I2C_HandleTypeDef*, uint16_t)	24	static
../Core/Src/bme280.cpp:14:13:std::string BME280::checkSensor()	40	static
../Core/Src/bme280.cpp:23:6:void BME280::init()	64	static
../Core/Src/bme280.cpp:57:6:void BME280::reset()	40	static
../Core/Src/bme280.cpp:62:13:std::string BME280::checkMode()	40	static
../Core/Src/bme280.cpp:82:6:void BME280::setNormalMode()	40	static
../Core/Src/bme280.cpp:90:6:void BME280::setForcedMode()	40	static
../Core/Src/bme280.cpp:96:8:double BME280::getTemp()	64	static
../Core/Src/bme280.cpp:127:8:double BME280::getHumidity()	56	static
../Core/Src/bme280.cpp:151:8:double BME280::getAtmPressure()	368	static
../Core/Src/bme280.cpp:188:8:double BME280::roundDouble(double)	24	static
